Testing text-embedding-004...
Trying embedding-001 fallback...
